Loading EMNIST split-sign BIG L0 features ...
  124,800 train / 20,800 test  (26 classes, 1152 split-sign feats)
  Loaded L1 weights (24 chips x 3 pages, EMNIST per-chip PCA)
  Loaded L2 weights (8 chips x 3 pages, EMNIST per-chip PCA)

==============================================================================
BIT-ACCURATE HARDWARE MODEL — BIG (24/8/16 chips)
  activations : 8-bit ADC at EVERY layer
  weight cell : 8-bit analog (CODE_MID=132) + 0 SUB-LSB bits
                => 8-bit digital master, 1 master-LSB per write
                => the analog cell moves 1 LSB every ~1 folds
  delta       : 6-bit signed + power-of-2 AGC (a SHIFT)
  E accum     : 20-bit saturating
  velocity    : 12-bit,  mu = 1-2^-3 = 0.875
  leaky       : alpha = 2^-3 = 0.125  (a SHIFT)
  AGC ref     : rms
  ADC gain    : per-layer shifts [3, 6, 6] (>>3, >>6, >>6)
==============================================================================

  ** LEAKY JUG **  E leaks (the leak IS momentum); a threshold crossing fires
                   a whole +-1 cell-LSB.  frac_bits FORCED to 0:
                   NO digital master, NO velocity register, NO per-synapse SRAM.
     leak       : lambda = 1-2^-6 = 0.9844  (~64-fold memory)
                  E_ss = g/(1-lambda) = 64g  => fires only if theta < 64g
     theta      : 1.0 x the per-fold rms of |E|  (per layer)
  jug theta   : [249, 1102, 1010]  (per layer, fixed at calibration)
  ep 1  test=68.38%  (best 68.38%)  Esat= 0.0%  fire=10.19%/fold  FROZEN= 17.7%  [285s]
  ep 2  test=72.82%  (best 72.82%)  Esat= 0.0%  fire= 8.68%/fold  FROZEN= 11.8%  [477s]
  ep 3  test=74.12%  (best 74.12%)  Esat= 0.0%  fire= 7.93%/fold  FROZEN=  8.4%  [630s]
  ep 4  test=76.15%  (best 76.15%)  Esat= 0.0%  fire= 7.07%/fold  FROZEN=  6.9%  [770s]
  ep 5  test=75.75%  (best 76.15%)  Esat= 0.0%  fire= 6.93%/fold  FROZEN=  5.6%  [906s]
  ep 6  test=76.60%  (best 76.60%)  Esat= 0.0%  fire= 6.43%/fold  FROZEN=  5.0%  [1046s]

  >>> JUG theta=1.0 leak=6 act=8 e_fwd=0.0 agc=rms code=linear : BEST = 76.60%   (float spec on BIG = 82.50%)

