Loading EMNIST split-sign BIG L0 features ...
  124,800 train / 20,800 test  (26 classes, 1152 split-sign feats)
  Loaded L1 weights (24 chips x 3 pages, EMNIST per-chip PCA)
  Loaded L2 weights (8 chips x 3 pages, EMNIST per-chip PCA)

==============================================================================
BIT-ACCURATE HARDWARE MODEL — BIG (24/8/16 chips)
  activations : 8-bit ADC at EVERY layer
  weight cell : 8-bit analog (CODE_MID=132) + 0 SUB-LSB bits
                => 8-bit digital master, 1 master-LSB per write
                => the analog cell moves 1 LSB every ~1 folds
  delta       : 6-bit signed + power-of-2 AGC (a SHIFT)
  E accum     : 20-bit saturating
  velocity    : 12-bit,  mu = 1-2^-3 = 0.875
  leaky       : alpha = 2^-3 = 0.125  (a SHIFT)
  AGC ref     : rms
  ADC gain    : per-layer shifts [3, 6, 6] (>>3, >>6, >>6)
==============================================================================

  ** LEAKY JUG **  E leaks (the leak IS momentum); a threshold crossing fires
                   a whole +-1 cell-LSB.  frac_bits FORCED to 0:
                   NO digital master, NO velocity register, NO per-synapse SRAM.
     leak       : lambda = 1-2^-8 = 0.9961  (~256-fold memory)
                  E_ss = g/(1-lambda) = 256g  => fires only if theta < 256g
     theta      : 1.0 x the per-fold rms of |E|  (per layer)
  jug theta   : [235, 1130, 1041]  (per layer, fixed at calibration)
  ep 1  test=69.69%  (best 69.69%)  Esat= 0.0%  fire=10.16%/fold  FROZEN= 11.2%  [280s]
  ep 2  test=73.09%  (best 73.09%)  Esat= 0.0%  fire= 8.64%/fold  FROZEN=  6.1%  [483s]
  ep 3  test=73.89%  (best 73.89%)  Esat= 0.0%  fire= 8.23%/fold  FROZEN=  3.7%  [657s]
  ep 4  test=75.58%  (best 75.58%)  Esat= 0.0%  fire= 7.56%/fold  FROZEN=  2.6%  [812s]
  ep 5  test=75.82%  (best 75.82%)  Esat= 0.0%  fire= 7.16%/fold  FROZEN=  2.1%  [995s]
  ep 6  test=76.58%  (best 76.58%)  Esat= 0.0%  fire= 6.85%/fold  FROZEN=  1.4%  [1136s]

  >>> JUG theta=1.0 leak=8 act=8 e_fwd=0.0 agc=rms code=linear : BEST = 76.58%   (float spec on BIG = 82.50%)

