Loading EMNIST split-sign BIG L0 features ...
  124,800 train / 20,800 test  (26 classes, 1152 split-sign feats)
  Loaded L1 weights (24 chips x 3 pages, EMNIST per-chip PCA)
  Loaded L2 weights (8 chips x 3 pages, EMNIST per-chip PCA)

==============================================================================
BIT-ACCURATE HARDWARE MODEL — BIG (24/8/16 chips)
  activations : 8-bit ADC at EVERY layer
  weight cell : 8-bit analog (CODE_MID=132) + 0 SUB-LSB bits
                => 8-bit digital master, 1 master-LSB per write
                => the analog cell moves 1 LSB every ~1 folds
  delta       : 6-bit signed + power-of-2 AGC (a SHIFT)
  E accum     : 20-bit saturating
  velocity    : 12-bit,  mu = 1-2^-3 = 0.875
  leaky       : alpha = 2^-3 = 0.125  (a SHIFT)
  AGC ref     : rms
  ADC gain    : per-layer shifts [3, 6, 6] (>>3, >>6, >>6)
==============================================================================

  ** LEAKY JUG **  E leaks (the leak IS momentum); a threshold crossing fires
                   a whole +-1 cell-LSB.  frac_bits FORCED to 0:
                   NO digital master, NO velocity register, NO per-synapse SRAM.
     leak       : NONE (pure sigma-delta integrator — the CONTROL)
     theta      : 1.0 x the per-fold rms of |E|  (per layer)
  jug theta   : [235, 1130, 1041]  (per layer, fixed at calibration)
  ep 1  test=69.30%  (best 69.30%)  Esat= 0.0%  fire=10.27%/fold  FROZEN=  6.8%  [286s]
  ep 2  test=72.91%  (best 72.91%)  Esat= 0.0%  fire= 9.03%/fold  FROZEN=  2.2%  [489s]
  ep 3  test=74.58%  (best 74.58%)  Esat= 0.0%  fire= 8.42%/fold  FROZEN=  0.9%  [646s]
  ep 4  test=74.91%  (best 74.91%)  Esat= 0.0%  fire= 8.00%/fold  FROZEN=  0.5%  [780s]
  ep 5  test=75.95%  (best 75.95%)  Esat= 0.0%  fire= 7.88%/fold  FROZEN=  0.3%  [922s]
  ep 6  test=76.99%  (best 76.99%)  Esat= 0.0%  fire= 7.62%/fold  FROZEN=  0.1%  [1055s]

  >>> JUG theta=1.0 leak=pure act=8 e_fwd=0.0 agc=rms code=linear : BEST = 76.99%   (float spec on BIG = 82.50%)

