Loading EMNIST split-sign BIG L0 features ...
  124,800 train / 20,800 test  (26 classes, 1152 split-sign feats)
  Loaded L1 weights (24 chips x 3 pages, EMNIST per-chip PCA)
  Loaded L2 weights (8 chips x 3 pages, EMNIST per-chip PCA)

==============================================================================
BIT-ACCURATE HARDWARE MODEL — BIG (24/8/16 chips)
  activations : 8-bit ADC at EVERY layer
  weight cell : 8-bit analog (CODE_MID=132) + 0 SUB-LSB bits
                => 8-bit digital master, 1 master-LSB per write
                => the analog cell moves 1 LSB every ~1 folds
  delta       : 6-bit signed + power-of-2 AGC (a SHIFT)
  E accum     : 20-bit saturating
  velocity    : 12-bit,  mu = 1-2^-3 = 0.875
  leaky       : alpha = 2^-3 = 0.125  (a SHIFT)
  AGC ref     : rms
  ADC gain    : per-layer shifts [3, 6, 6] (>>3, >>6, >>6)
==============================================================================

  ** LEAKY JUG **  E leaks (the leak IS momentum); a threshold crossing fires
                   a whole +-1 cell-LSB.  frac_bits FORCED to 0:
                   NO digital master, NO velocity register, NO per-synapse SRAM.
     leak       : NONE (pure sigma-delta integrator — the CONTROL)
     theta      : 8.0 x the per-fold rms of |E|  (per layer)
  jug theta   : [1571, 8395, 8252]  (per layer, fixed at calibration)
  ep 1  test=51.81%  (best 51.81%)  Esat= 0.0%  fire=41.86%/fold  FROZEN=  0.0%  [145s]
  ep 2  test=14.39%  (best 51.81%)  Esat= 0.0%  fire=42.58%/fold  FROZEN=  0.0%  [249s]
  ep 3  test=14.07%  (best 51.81%)  Esat= 0.0%  fire=43.90%/fold  FROZEN=  0.0%  [389s]
  ep 4  test=15.99%  (best 51.81%)  Esat= 0.0%  fire=44.46%/fold  FROZEN=  0.0%  [565s]
  ep 5  test=12.77%  (best 51.81%)  Esat= 0.0%  fire=45.30%/fold  FROZEN=  0.0%  [755s]
  ep 6  test=12.51%  (best 51.81%)  Esat= 0.0%  fire=46.20%/fold  FROZEN=  0.0%  [961s]

  >>> JUG theta=8.0 leak=pure act=8 e_fwd=0.0 agc=rms code=linear : BEST = 51.81%   (float spec on BIG = 82.50%)

