Loading EMNIST split-sign BIG L0 features ...
  124,800 train / 20,800 test  (26 classes, 1152 split-sign feats)
  Loaded L1 weights (24 chips x 3 pages, EMNIST per-chip PCA)
  Loaded L2 weights (8 chips x 3 pages, EMNIST per-chip PCA)
  ** PRE-DISTORTED DAC ** weight rail ±0.83 (linear map, reduced range)

==============================================================================
BIT-ACCURATE HARDWARE MODEL — BIG (24/8/16 chips)
  activations : 8-bit ADC at EVERY layer
  weight cell : 8-bit analog (CODE_MID=132) + 0 SUB-LSB bits
                => 8-bit digital master, 1 master-LSB per write
                => the analog cell moves 1 LSB every ~1 folds
  delta       : 6-bit signed + power-of-2 AGC (a SHIFT)
  E accum     : 20-bit saturating
  velocity    : 12-bit,  mu = 1-2^-3 = 0.875
  leaky       : alpha = 2^-3 = 0.125  (a SHIFT)
  AGC ref     : rms
  ADC gain    : per-layer shifts [3, 6, 6] (>>3, >>6, >>6)
==============================================================================

  ** LEAKY JUG **  E leaks (the leak IS momentum); a threshold crossing fires
                   a whole +-1 cell-LSB.  frac_bits FORCED to 0:
                   NO digital master, NO velocity register, NO per-synapse SRAM.
     leak       : NONE (pure sigma-delta integrator — the CONTROL)
     theta      : 8.0 x the per-fold rms of |E|  (per layer)
  jug theta   : [1585, 8409, 8233]  (per layer, fixed at calibration)
  ep 1  test=73.30%  (best 73.30%)  Esat= 0.0%  fire= 1.03%/fold  FROZEN= 69.5%  [176s]
  ep 2  test=77.30%  (best 77.30%)  Esat= 0.0%  fire= 0.98%/fold  FROZEN= 55.8%  [355s]
  ep 3  test=78.90%  (best 78.90%)  Esat= 0.0%  fire= 0.96%/fold  FROZEN= 48.0%  [519s]
  ep 4  test=80.26%  (best 80.26%)  Esat= 0.0%  fire= 0.93%/fold  FROZEN= 42.6%  [667s]
  ep 5  test=81.06%  (best 81.06%)  Esat= 0.0%  fire= 0.92%/fold  FROZEN= 38.3%  [815s]
  ep 6  test=81.46%  (best 81.46%)  Esat= 0.0%  fire= 0.89%/fold  FROZEN= 35.4%  [937s]

  >>> JUG theta=8.0 leak=pure act=8 e_fwd=0.0 agc=rms code=linear : BEST = 81.46%   (float spec on BIG = 82.50%)

