Loading EMNIST split-sign BIG L0 features ...
  124,800 train / 20,800 test  (26 classes, 1152 split-sign feats)
  Loaded L1 weights (24 chips x 3 pages, EMNIST per-chip PCA)
  Loaded L2 weights (8 chips x 3 pages, EMNIST per-chip PCA)

==============================================================================
BIT-ACCURATE HARDWARE MODEL — BIG (24/8/16 chips)
  activations : 8-bit ADC at EVERY layer
  weight cell : 8-bit analog (CODE_MID=132) + 0 SUB-LSB bits
                => 8-bit digital master, 1 master-LSB per write
                => the analog cell moves 1 LSB every ~1 folds
  delta       : 6-bit signed + power-of-2 AGC (a SHIFT)
  E accum     : 20-bit saturating
  velocity    : 12-bit,  mu = 1-2^-3 = 0.875
  leaky       : alpha = 2^-3 = 0.125  (a SHIFT)
  AGC ref     : rms
  ADC gain    : per-layer shifts [3, 6, 6] (>>3, >>6, >>6)
==============================================================================

  ** LEAKY JUG **  E leaks (the leak IS momentum); a threshold crossing fires
                   a whole +-1 cell-LSB.  frac_bits FORCED to 0:
                   NO digital master, NO velocity register, NO per-synapse SRAM.
     leak       : NONE (pure sigma-delta integrator — the CONTROL)
     theta      : 8.0 x the per-fold rms of |E|  (per layer)
  jug theta   : [1904, 9190, 8314]  (per layer, fixed at calibration)
  ep 1  test=72.87%  (best 72.87%)  fire= 0.89%/fold  FROZEN= 71.7%  [107s]
  ep 2  test=77.62%  (best 77.62%)  fire= 0.81%/fold  FROZEN= 59.5%  [204s]
  ep 3  test=79.56%  (best 79.56%)  fire= 0.79%/fold  FROZEN= 51.4%  [304s]
  ep 4  test=80.59%  (best 80.59%)  fire= 0.78%/fold  FROZEN= 45.9%  [402s]
  ep 5  test=81.20%  (best 81.20%)  fire= 0.78%/fold  FROZEN= 42.0%  [497s]
  ep 6  test=81.70%  (best 81.70%)  fire= 0.78%/fold  FROZEN= 38.6%  [651s]

  >>> JUG theta=8.0 leak=pure act=8 e_fwd=0.0 agc=rms code=linear : BEST = 81.70%   (float spec on BIG = 82.50%)

