  ** MEASURED W MAP ** ../circuit/output/w_map.csv
     ★ WGT_ZERO RE-DERIVED: 132 -> 117  (a property of the CELL, and the cell changed)
     dW/dcode: rails ~0.050 / 0.108   middle ~1.419   => 28x SENSITIVITY VARIATION
     monotonic: True
Loading EMNIST split-sign BIG L0 features ...
  124,800 train / 20,800 test  (26 classes, 1152 split-sign feats)
  Loaded L1 weights (24 chips x 3 pages, EMNIST per-chip PCA)
  Loaded L2 weights (8 chips x 3 pages, EMNIST per-chip PCA)

==============================================================================
BIT-ACCURATE HARDWARE MODEL — BIG (24/8/16 chips)
  activations : 8-bit ADC at EVERY layer
  weight cell : 8-bit analog (CODE_MID=117) + 0 SUB-LSB bits
                => 8-bit digital master, 1 master-LSB per write
                => the analog cell moves 1 LSB every ~1 folds
  delta       : 6-bit signed + power-of-2 AGC (a SHIFT)
  E accum     : 20-bit saturating
  velocity    : 12-bit,  mu = 1-2^-3 = 0.875
  leaky       : alpha = 2^-3 = 0.125  (a SHIFT)
  AGC ref     : rms
  ADC gain    : per-layer shifts [3, 6, 6] (>>3, >>6, >>6)
==============================================================================

  ** LEAKY JUG **  E leaks (the leak IS momentum); a threshold crossing fires
                   a whole +-1 cell-LSB.  frac_bits FORCED to 0:
                   NO digital master, NO velocity register, NO per-synapse SRAM.
     leak       : NONE (pure sigma-delta integrator — the CONTROL)
     theta      : 16.0 x the per-fold rms of |E|  (per layer)
  jug theta   : [3595, 17941, 29056]  (per layer, fixed at calibration)
  ep 1  test=72.67%  (best 72.67%)  Esat= 0.0%  fire= 0.23%/fold  FROZEN= 87.2%  [175s]
  ep 2  test=76.82%  (best 76.82%)  Esat= 0.0%  fire= 0.21%/fold  FROZEN= 79.7%  [347s]
  ep 3  test=79.03%  (best 79.03%)  Esat= 0.0%  fire= 0.22%/fold  FROZEN= 72.8%  [510s]
  ep 4  test=79.73%  (best 79.73%)  Esat= 0.0%  fire= 0.22%/fold  FROZEN= 67.9%  [697s]
  ep 5  test=80.26%  (best 80.26%)  Esat= 0.0%  fire= 0.21%/fold  FROZEN= 63.8%  [867s]
  ep 6  test=80.51%  (best 80.51%)  Esat= 0.0%  fire= 0.21%/fold  FROZEN= 60.4%  [983s]

  >>> JUG theta=16.0 leak=pure act=8 e_fwd=0.0 agc=rms code=linear : BEST = 80.51%   (float spec on BIG = 82.50%)

